app starting
LOGIN PAGE LOADED
making bridge for: jowens
[158771]
new bridge connected
[158790]
try login general store updated
check auth: general store cleared
LOGIN PAGE LOADED
making bridge for: jowens
[158867]
new bridge connected
[158880]
try login general store updated
check auth: general store cleared
snmpd.service is active: active
[{'Community': 'novus', 'Version': 'v2c', 'Permissions': 'rwnoauthgroup', 'Source': 'default', 'SecurityName': 'comuser_0'}]
snmpd.service is active: active
[{'Source': 'default', 'SecurityName': 'comuser_0', 'Community': 'novus', 'Version': 'v2c', 'Permissions': 'rwnoauthgroup'}]
NETWORK PAGE
firewalld.service is active: active
IP 4 CONFIG PATH: /org/freedesktop/NetworkManager/IP4Config/2
NETWORK PAGE
firewalld.service is active: active
IP 4 CONFIG PATH: /org/freedesktop/NetworkManager/IP4Config/2
LOGIN PAGE LOADED
making bridge for: jowens
[160454]
new bridge connected
[160462]
try login general store updated
NETWORK PAGE
firewalld.service is active: active
IP 4 CONFIG PATH: /org/freedesktop/NetworkManager/IP4Config/2
app starting
LOGIN PAGE LOADED
making bridge for: jowens
[174219]
new bridge connected
[174229]
try login general store updated
check auth: general store cleared
snmpd.service is active: active
[{'Community': 'novus', 'Version': 'v2c', 'Permissions': 'rwnoauthgroup', 'Source': 'default', 'SecurityName': 'comuser_0'}]
NETWORK PAGE
firewalld.service is active: active
IP 4 CONFIG PATH: /org/freedesktop/NetworkManager/IP4Config/2
firewalld.service is active: active
firewalld.service is active: active
{'short': <dbus_next.signature.Variant ('s', Public)>, 'description': <dbus_next.signature.Variant ('s', For use in public areas. You do not trust the other computers on networks to not harm your computer. Only selected incoming connections are accepted.)>, 'target': <dbus_next.signature.Variant ('s', default)>, 'services': <dbus_next.signature.Variant ('as', ['ssh', 'https', 'snmp'])>, 'masquerade': <dbus_next.signature.Variant ('b', False)>, 'icmp_block_inversion': <dbus_next.signature.Variant ('b', False)>, 'forward': <dbus_next.signature.Variant ('b', True)>, 'ingress_priority': <dbus_next.signature.Variant ('i', 0)>, 'egress_priority': <dbus_next.signature.Variant ('i', 0)>}
ZONE SETTINGS 2
['enp3s0']
[{'Service': 'snmptrap', 'UDP': '162', 'TCP': '162', 'Description': 'SNMP traps enable an agent to notify the management station of significant events by way of an unsolicited SNMP message.'}]
add snmptrap to public
/org/fedoraproject/FirewallD1/config/zone/8
app starting
LOGIN PAGE LOADED
LOGIN PAGE LOADED
making bridge for: jowens
[184986]
new bridge connected
[185007]
try login general store updated
NETWORK PAGE
firewalld.service is active: active
IP 4 CONFIG PATH: /org/freedesktop/NetworkManager/IP4Config/2
firewalld.service is active: active
firewalld.service is active: active
{'short': <dbus_next.signature.Variant ('s', Public)>, 'description': <dbus_next.signature.Variant ('s', For use in public areas. You do not trust the other computers on networks to not harm your computer. Only selected incoming connections are accepted.)>, 'target': <dbus_next.signature.Variant ('s', default)>, 'services': <dbus_next.signature.Variant ('as', ['ssh', 'https', 'snmp', 'snmptrap'])>, 'masquerade': <dbus_next.signature.Variant ('b', False)>, 'icmp_block_inversion': <dbus_next.signature.Variant ('b', False)>, 'forward': <dbus_next.signature.Variant ('b', True)>, 'ingress_priority': <dbus_next.signature.Variant ('i', 0)>, 'egress_priority': <dbus_next.signature.Variant ('i', 0)>}
ZONE SETTINGS 2
['enp3s0']
firewalld.service is active: active
firewalld.service is active: active
{'short': <dbus_next.signature.Variant ('s', Public)>, 'description': <dbus_next.signature.Variant ('s', For use in public areas. You do not trust the other computers on networks to not harm your computer. Only selected incoming connections are accepted.)>, 'target': <dbus_next.signature.Variant ('s', default)>, 'services': <dbus_next.signature.Variant ('as', ['ssh', 'https', 'snmp', 'snmptrap'])>, 'masquerade': <dbus_next.signature.Variant ('b', False)>, 'icmp_block_inversion': <dbus_next.signature.Variant ('b', False)>, 'forward': <dbus_next.signature.Variant ('b', True)>, 'ingress_priority': <dbus_next.signature.Variant ('i', 0)>, 'egress_priority': <dbus_next.signature.Variant ('i', 0)>}
ZONE SETTINGS 2
['enp3s0']
[{'Service': 'snmp', 'UDP': '161', 'TCP': '161', 'Description': 'Simple Network Management Protocol is an "Internet-standard protocol for managing devices on IP networks". Enable this service if you run SNMP agent (server).'}]
add snmp to public
/org/fedoraproject/FirewallD1/config/zone/8
['ALREADY_ENABLED: snmp']
app starting
LOGIN PAGE LOADED
LOGIN PAGE LOADED
making bridge for: jowens
[187172]
new bridge connected
[187185]
try login general store updated
snmpd.service is active: active
[{'Community': 'novus', 'Version': 'v2c', 'Permissions': 'rwnoauthgroup', 'Source': 'default', 'SecurityName': 'comuser_0'}]
snmpd.service is active: active
[{'Community': 'novus', 'Version': 'v2c', 'Permissions': 'rwnoauthgroup', 'Source': 'default', 'SecurityName': 'comuser_0'}]
{'Username': 'JACOBOWENS', 'Version': 'usm', 'AuthType': 'SHA', 'AuthPassphrase': 'JACOBOWENS', 'PrivType': 'AES', 'PrivPassphrase': 'JACOBOWENS', 'Permissions': 'rwprivgroup'}
added v3 user
logout cb general cleared
LOGIN PAGE LOADED
LOGIN PAGE LOADED
app starting
LOGIN PAGE LOADED
LOGIN PAGE LOADED
making bridge for: jowens
[227031]
new bridge connected
[227046]
try login general store updated
snmpd.service is active: active
[{'Source': 'default', 'SecurityName': 'comuser_0', 'Community': 'novus', 'Version': 'v2c', 'Permissions': 'rwnoauthgroup'}]
app starting
app starting
logout cb general cleared
LOGIN PAGE LOADED
making bridge for: jowens
[229464]
new bridge connected
[229488]
try login general store updated
snmpd.service is active: active
[{'Version': 'v2c', 'Permissions': 'rwnoauthgroup', 'Source': 'default', 'SecurityName': 'comuser_0', 'Community': 'novus'}]
app starting
logout cb general cleared
LOGIN PAGE LOADED
making bridge for: jowens
[230310]
new bridge connected
[230326]
try login general store updated
snmpd.service is active: active
[{'SecurityName': 'comuser_0', 'Community': 'novus', 'Version': 'v2c', 'Permissions': 'rwnoauthgroup', 'Source': 'default'}]
app starting
logout cb general cleared
LOGIN PAGE LOADED
making bridge for: jowens
[233469]
new bridge connected
[233491]
try login general store updated
snmpd.service is active: active
[{'Permissions': 'rwnoauthgroup', 'Source': 'default', 'SecurityName': 'comuser_0', 'Community': 'novus', 'Version': 'v2c'}]
app starting
app starting
logout cb general cleared
LOGIN PAGE LOADED
making bridge for: jowens
[236319]
new bridge connected
[236333]
try login general store updated
snmpd.service is active: active
[{'Community': 'novus', 'Version': 'v2c', 'Permissions': 'rwnoauthgroup', 'Source': 'default', 'SecurityName': 'comuser_0'}]
snmpd.service is active: active
[{'Permissions': 'rwnoauthgroup', 'Source': 'default', 'SecurityName': 'comuser_0', 'Community': 'novus', 'Version': 'v2c'}]
snmpd.service is active: active
[{'Community': 'novus', 'Version': 'v2c', 'Permissions': 'rwnoauthgroup', 'Source': 'default', 'SecurityName': 'comuser_0'}]
LOGIN PAGE LOADED
app starting
app starting
logout cb general cleared
LOGIN PAGE LOADED
making bridge for: jowens
[281124]
new bridge connected
[281137]
try login general store updated
snmpd.service is active: active
[{'Community': 'novus', 'Version': 'v2c', 'Permissions': 'rwnoauthgroup', 'Source': 'default', 'SecurityName': 'comuser_0'}]
app starting
logout cb general cleared
LOGIN PAGE LOADED
making bridge for: jowens
[284453]
new bridge connected
[284466]
try login general store updated
snmpd.service is active: active
[{'Community': 'novus', 'Version': 'v2c', 'Permissions': 'rwnoauthgroup', 'Source': 'default', 'SecurityName': 'comuser_0'}]
app starting
app starting
app starting
logout cb general cleared
LOGIN PAGE LOADED
LOGIN PAGE LOADED
making bridge for: jowens
[285597]
new bridge connected
[285614]
try login general store updated
snmpd.service is active: active
[{'Community': 'novus', 'Version': 'v2c', 'Permissions': 'rwnoauthgroup', 'Source': 'default', 'SecurityName': 'comuser_0'}]
snmpd.service is active: active
[{'Permissions': 'rwnoauthgroup', 'Source': 'default', 'SecurityName': 'comuser_0', 'Community': 'novus', 'Version': 'v2c'}]
app starting
logout cb general cleared
LOGIN PAGE LOADED
LOGIN PAGE LOADED
making bridge for: jowens
[324974]
new bridge connected
[324987]
try login general store updated
CALL delete DBUS
['Remove']
